src/services/attendance.service.ts(139,28): error TS2339: Property 'is_active' does not exist on type '{ id: string; picker_id: string; name: string; orchard_id: string; team_leader_id: string; safety_verified: boolean; total_buckets_today: number; current_row: number; status: string; created_at: string; archived_at: string; }'.
src/services/attendance.service.ts(142,31): error TS2339: Property 'badge_id' does not exist on type '{ id: string; picker_id: string; name: string; orchard_id: string; team_leader_id: string; safety_verified: boolean; total_buckets_today: number; current_row: number; status: string; created_at: string; archived_at: string; }'.
src/services/picker.service.ts(62,28): error TS2339: Property 'is_active' does not exist on type '{ id: string; picker_id: string; name: string; orchard_id: string; team_leader_id: string; safety_verified: boolean; total_buckets_today: number; current_row: number; status: string; created_at: string; archived_at: string; }'.
src/services/picker.service.ts(65,31): error TS2339: Property 'badge_id' does not exist on type '{ id: string; picker_id: string; name: string; orchard_id: string; team_leader_id: string; safety_verified: boolean; total_buckets_today: number; current_row: number; status: string; created_at: string; archived_at: string; }'.
